%!Adobe-FontList 1.13
%Locale:0x804

%BeginFont
Handler:DirectoryHandler
FontType:Invalid
OutlineFileName:D:\l赖\g工作\8-15bi登录页\Font\fontawesome-webfont.eot
FileModTime:1371483119
%EndFont

%BeginFont
Handler:DirectoryHandler
FontType:Invalid
OutlineFileName:D:\l赖\g工作\8-15bi登录页\Font\fontawesome-webfont.svg
FileModTime:1371483119
%EndFont

%BeginFont
Handler:DirectoryHandler
FontType:TrueType
FontName:FontAwesome
FamilyName:FontAwesome
StyleName:Regular
FullName:FontAwesome Regular
MenuName:FontAwesome
StyleBits:0
WritingScript:Roman
OutlineFileName:D:\l赖\g工作\8-15bi登录页\Font\fontawesome-webfont.ttf
DataFormat:sfntData
FileLength:79076
FileModTime:1371483119
WeightClass:400
WidthClass:5
AngleClass:0
%EndFont

%BeginFont
Handler:DirectoryHandler
FontType:Invalid
OutlineFileName:D:\l赖\g工作\8-15bi登录页\Font\fontawesome-webfont.woff
FileModTime:1371483119
%EndFont

%BeginFont
Handler:DirectoryHandler
FontType:Type1
FontName:FontAwesome
FamilyName:FontAwesome
StyleName:Regular
FullName:FontAwesome
MenuName:FontAwesome
StyleBits:0
WritingScript:Roman
OutlineFileName:D:\l赖\g工作\8-15bi登录页\Font\FontAwesome.otf
DataFormat:sfntData
UsesStandardEncoding:yes
isCFF:yes
FileLength:61896
FileModTime:1371483119
WeightClass:400
WidthClass:5
AngleClass:0
%EndFont

